// Jest Snapshot v1, https://goo.gl/fbAQLP

exports[`Page Header Standardised Meta-title - renders correctly 1`] = `
<div
  class="ecl-page-header-standardised"
>
  <div
    class="ecl-container"
  >
    <nav
      aria-label="You are here:"
      class="ecl-breadcrumb-standardised ecl-page-header-standardised__breadcrumb"
      data-ecl-auto-init="BreadcrumbStandardised"
      data-ecl-breadcrumb-standardised="true"
    >
      <ol
        class="ecl-breadcrumb-standardised__container"
      >
        <li
          class="ecl-breadcrumb-standardised__segment"
          data-ecl-breadcrumb-standardised-item="static"
        >
          <a
            class="ecl-link ecl-link--standalone ecl-breadcrumb-standardised__link"
            href="/example"
          >
            Home
          </a>
          <svg
            aria-hidden="true"
            class="ecl-icon ecl-icon--2xs ecl-icon--rotate-90 ecl-breadcrumb-standardised__icon"
            focusable="false"
            role="presentation"
          >
            <use
              xlink:href="/icons.svg#ui--corner-arrow"
            />
          </svg>
        </li>
        <li
          class="ecl-breadcrumb-standardised__segment ecl-breadcrumb-standardised__segment--ellipsis"
          data-ecl-breadcrumb-standardised-ellipsis=""
        >
          <button
            aria-label="Click to expand"
            class="ecl-breadcrumb-standardised__ellipsis"
            data-ecl-breadcrumb-standardised-ellipsis-button=""
            type="button"
          >
            …
          </button>
          <svg
            aria-hidden="true"
            class="ecl-icon ecl-icon--2xs ecl-icon--rotate-90 ecl-breadcrumb-standardised__icon"
            focusable="false"
            role="presentation"
          >
            <use
              xlink:href="/icons.svg#ui--corner-arrow"
            />
          </svg>
        </li>
        <li
          class="ecl-breadcrumb-standardised__segment"
          data-ecl-breadcrumb-standardised-item="expandable"
        >
          <a
            class="ecl-link ecl-link--standalone ecl-breadcrumb-standardised__link"
            href="/example"
          >
            About the European Commission
          </a>
          <svg
            aria-hidden="true"
            class="ecl-icon ecl-icon--2xs ecl-icon--rotate-90 ecl-breadcrumb-standardised__icon"
            focusable="false"
            role="presentation"
          >
            <use
              xlink:href="/icons.svg#ui--corner-arrow"
            />
          </svg>
        </li>
        <li
          class="ecl-breadcrumb-standardised__segment"
          data-ecl-breadcrumb-standardised-item="expandable"
        >
          <a
            class="ecl-link ecl-link--standalone ecl-breadcrumb-standardised__link"
            href="/example"
          >
            Organisational structure
          </a>
          <svg
            aria-hidden="true"
            class="ecl-icon ecl-icon--2xs ecl-icon--rotate-90 ecl-breadcrumb-standardised__icon"
            focusable="false"
            role="presentation"
          >
            <use
              xlink:href="/icons.svg#ui--corner-arrow"
            />
          </svg>
        </li>
        <li
          class="ecl-breadcrumb-standardised__segment"
          data-ecl-breadcrumb-standardised-item="static"
        >
          <a
            class="ecl-link ecl-link--standalone ecl-breadcrumb-standardised__link"
            href="/example"
          >
            How the Commission is organised
          </a>
          <svg
            aria-hidden="true"
            class="ecl-icon ecl-icon--2xs ecl-icon--rotate-90 ecl-breadcrumb-standardised__icon"
            focusable="false"
            role="presentation"
          >
            <use
              xlink:href="/icons.svg#ui--corner-arrow"
            />
          </svg>
        </li>
        <li
          aria-current="page"
          class="ecl-breadcrumb-standardised__segment ecl-breadcrumb-standardised__current-page"
          data-ecl-breadcrumb-standardised-item="static"
        >
          News
        </li>
      </ol>
    </nav>
    <div
      class="ecl-page-header-standardised__meta"
    >
      Meta info
    </div>
    <h1
      class="ecl-page-header-standardised__title"
    >
      Page title
    </h1>
  </div>
</div>
`;

exports[`Page Header Standardised Meta-title renders correctly with extra attributes 1`] = `
<div
  class="ecl-page-header-standardised"
  data-test="data-test-value"
  data-test-1="data-test-value-1"
>
  <div
    class="ecl-container"
  >
    <nav
      aria-label="You are here:"
      class="ecl-breadcrumb-standardised ecl-page-header-standardised__breadcrumb"
      data-ecl-auto-init="BreadcrumbStandardised"
      data-ecl-breadcrumb-standardised="true"
    >
      <ol
        class="ecl-breadcrumb-standardised__container"
      >
        <li
          class="ecl-breadcrumb-standardised__segment"
          data-ecl-breadcrumb-standardised-item="static"
        >
          <a
            class="ecl-link ecl-link--standalone ecl-breadcrumb-standardised__link"
            href="/example"
          >
            Home
          </a>
          <svg
            aria-hidden="true"
            class="ecl-icon ecl-icon--2xs ecl-icon--rotate-90 ecl-breadcrumb-standardised__icon"
            focusable="false"
            role="presentation"
          >
            <use
              xlink:href="/icons.svg#ui--corner-arrow"
            />
          </svg>
        </li>
        <li
          class="ecl-breadcrumb-standardised__segment ecl-breadcrumb-standardised__segment--ellipsis"
          data-ecl-breadcrumb-standardised-ellipsis=""
        >
          <button
            aria-label="Click to expand"
            class="ecl-breadcrumb-standardised__ellipsis"
            data-ecl-breadcrumb-standardised-ellipsis-button=""
            type="button"
          >
            …
          </button>
          <svg
            aria-hidden="true"
            class="ecl-icon ecl-icon--2xs ecl-icon--rotate-90 ecl-breadcrumb-standardised__icon"
            focusable="false"
            role="presentation"
          >
            <use
              xlink:href="/icons.svg#ui--corner-arrow"
            />
          </svg>
        </li>
        <li
          class="ecl-breadcrumb-standardised__segment"
          data-ecl-breadcrumb-standardised-item="expandable"
        >
          <a
            class="ecl-link ecl-link--standalone ecl-breadcrumb-standardised__link"
            href="/example"
          >
            About the European Commission
          </a>
          <svg
            aria-hidden="true"
            class="ecl-icon ecl-icon--2xs ecl-icon--rotate-90 ecl-breadcrumb-standardised__icon"
            focusable="false"
            role="presentation"
          >
            <use
              xlink:href="/icons.svg#ui--corner-arrow"
            />
          </svg>
        </li>
        <li
          class="ecl-breadcrumb-standardised__segment"
          data-ecl-breadcrumb-standardised-item="expandable"
        >
          <a
            class="ecl-link ecl-link--standalone ecl-breadcrumb-standardised__link"
            href="/example"
          >
            Organisational structure
          </a>
          <svg
            aria-hidden="true"
            class="ecl-icon ecl-icon--2xs ecl-icon--rotate-90 ecl-breadcrumb-standardised__icon"
            focusable="false"
            role="presentation"
          >
            <use
              xlink:href="/icons.svg#ui--corner-arrow"
            />
          </svg>
        </li>
        <li
          class="ecl-breadcrumb-standardised__segment"
          data-ecl-breadcrumb-standardised-item="static"
        >
          <a
            class="ecl-link ecl-link--standalone ecl-breadcrumb-standardised__link"
            href="/example"
          >
            How the Commission is organised
          </a>
          <svg
            aria-hidden="true"
            class="ecl-icon ecl-icon--2xs ecl-icon--rotate-90 ecl-breadcrumb-standardised__icon"
            focusable="false"
            role="presentation"
          >
            <use
              xlink:href="/icons.svg#ui--corner-arrow"
            />
          </svg>
        </li>
        <li
          aria-current="page"
          class="ecl-breadcrumb-standardised__segment ecl-breadcrumb-standardised__current-page"
          data-ecl-breadcrumb-standardised-item="static"
        >
          News
        </li>
      </ol>
    </nav>
    <div
      class="ecl-page-header-standardised__meta"
    >
      Meta info
    </div>
    <h1
      class="ecl-page-header-standardised__title"
    >
      Page title
    </h1>
  </div>
</div>
`;

exports[`Page Header Standardised Meta-title renders correctly with extra class names 1`] = `
<div
  class="ecl-page-header-standardised custom-class custom-class--test"
>
  <div
    class="ecl-container"
  >
    <nav
      aria-label="You are here:"
      class="ecl-breadcrumb-standardised ecl-page-header-standardised__breadcrumb"
      data-ecl-auto-init="BreadcrumbStandardised"
      data-ecl-breadcrumb-standardised="true"
    >
      <ol
        class="ecl-breadcrumb-standardised__container"
      >
        <li
          class="ecl-breadcrumb-standardised__segment"
          data-ecl-breadcrumb-standardised-item="static"
        >
          <a
            class="ecl-link ecl-link--standalone ecl-breadcrumb-standardised__link"
            href="/example"
          >
            Home
          </a>
          <svg
            aria-hidden="true"
            class="ecl-icon ecl-icon--2xs ecl-icon--rotate-90 ecl-breadcrumb-standardised__icon"
            focusable="false"
            role="presentation"
          >
            <use
              xlink:href="/icons.svg#ui--corner-arrow"
            />
          </svg>
        </li>
        <li
          class="ecl-breadcrumb-standardised__segment ecl-breadcrumb-standardised__segment--ellipsis"
          data-ecl-breadcrumb-standardised-ellipsis=""
        >
          <button
            aria-label="Click to expand"
            class="ecl-breadcrumb-standardised__ellipsis"
            data-ecl-breadcrumb-standardised-ellipsis-button=""
            type="button"
          >
            …
          </button>
          <svg
            aria-hidden="true"
            class="ecl-icon ecl-icon--2xs ecl-icon--rotate-90 ecl-breadcrumb-standardised__icon"
            focusable="false"
            role="presentation"
          >
            <use
              xlink:href="/icons.svg#ui--corner-arrow"
            />
          </svg>
        </li>
        <li
          class="ecl-breadcrumb-standardised__segment"
          data-ecl-breadcrumb-standardised-item="expandable"
        >
          <a
            class="ecl-link ecl-link--standalone ecl-breadcrumb-standardised__link"
            href="/example"
          >
            About the European Commission
          </a>
          <svg
            aria-hidden="true"
            class="ecl-icon ecl-icon--2xs ecl-icon--rotate-90 ecl-breadcrumb-standardised__icon"
            focusable="false"
            role="presentation"
          >
            <use
              xlink:href="/icons.svg#ui--corner-arrow"
            />
          </svg>
        </li>
        <li
          class="ecl-breadcrumb-standardised__segment"
          data-ecl-breadcrumb-standardised-item="expandable"
        >
          <a
            class="ecl-link ecl-link--standalone ecl-breadcrumb-standardised__link"
            href="/example"
          >
            Organisational structure
          </a>
          <svg
            aria-hidden="true"
            class="ecl-icon ecl-icon--2xs ecl-icon--rotate-90 ecl-breadcrumb-standardised__icon"
            focusable="false"
            role="presentation"
          >
            <use
              xlink:href="/icons.svg#ui--corner-arrow"
            />
          </svg>
        </li>
        <li
          class="ecl-breadcrumb-standardised__segment"
          data-ecl-breadcrumb-standardised-item="static"
        >
          <a
            class="ecl-link ecl-link--standalone ecl-breadcrumb-standardised__link"
            href="/example"
          >
            How the Commission is organised
          </a>
          <svg
            aria-hidden="true"
            class="ecl-icon ecl-icon--2xs ecl-icon--rotate-90 ecl-breadcrumb-standardised__icon"
            focusable="false"
            role="presentation"
          >
            <use
              xlink:href="/icons.svg#ui--corner-arrow"
            />
          </svg>
        </li>
        <li
          aria-current="page"
          class="ecl-breadcrumb-standardised__segment ecl-breadcrumb-standardised__current-page"
          data-ecl-breadcrumb-standardised-item="static"
        >
          News
        </li>
      </ol>
    </nav>
    <div
      class="ecl-page-header-standardised__meta"
    >
      Meta info
    </div>
    <h1
      class="ecl-page-header-standardised__title"
    >
      Page title
    </h1>
  </div>
</div>
`;

exports[`Page Header Standardised Meta-title-description - renders correctly 1`] = `
<div
  class="ecl-page-header-standardised"
>
  <div
    class="ecl-container"
  >
    <nav
      aria-label="You are here:"
      class="ecl-breadcrumb-standardised ecl-page-header-standardised__breadcrumb"
      data-ecl-auto-init="BreadcrumbStandardised"
      data-ecl-breadcrumb-standardised="true"
    >
      <ol
        class="ecl-breadcrumb-standardised__container"
      >
        <li
          class="ecl-breadcrumb-standardised__segment"
          data-ecl-breadcrumb-standardised-item="static"
        >
          <a
            class="ecl-link ecl-link--standalone ecl-breadcrumb-standardised__link"
            href="/example"
          >
            Home
          </a>
          <svg
            aria-hidden="true"
            class="ecl-icon ecl-icon--2xs ecl-icon--rotate-90 ecl-breadcrumb-standardised__icon"
            focusable="false"
            role="presentation"
          >
            <use
              xlink:href="/icons.svg#ui--corner-arrow"
            />
          </svg>
        </li>
        <li
          class="ecl-breadcrumb-standardised__segment ecl-breadcrumb-standardised__segment--ellipsis"
          data-ecl-breadcrumb-standardised-ellipsis=""
        >
          <button
            aria-label="Click to expand"
            class="ecl-breadcrumb-standardised__ellipsis"
            data-ecl-breadcrumb-standardised-ellipsis-button=""
            type="button"
          >
            …
          </button>
          <svg
            aria-hidden="true"
            class="ecl-icon ecl-icon--2xs ecl-icon--rotate-90 ecl-breadcrumb-standardised__icon"
            focusable="false"
            role="presentation"
          >
            <use
              xlink:href="/icons.svg#ui--corner-arrow"
            />
          </svg>
        </li>
        <li
          class="ecl-breadcrumb-standardised__segment"
          data-ecl-breadcrumb-standardised-item="expandable"
        >
          <a
            class="ecl-link ecl-link--standalone ecl-breadcrumb-standardised__link"
            href="/example"
          >
            About the European Commission
          </a>
          <svg
            aria-hidden="true"
            class="ecl-icon ecl-icon--2xs ecl-icon--rotate-90 ecl-breadcrumb-standardised__icon"
            focusable="false"
            role="presentation"
          >
            <use
              xlink:href="/icons.svg#ui--corner-arrow"
            />
          </svg>
        </li>
        <li
          class="ecl-breadcrumb-standardised__segment"
          data-ecl-breadcrumb-standardised-item="expandable"
        >
          <a
            class="ecl-link ecl-link--standalone ecl-breadcrumb-standardised__link"
            href="/example"
          >
            Organisational structure
          </a>
          <svg
            aria-hidden="true"
            class="ecl-icon ecl-icon--2xs ecl-icon--rotate-90 ecl-breadcrumb-standardised__icon"
            focusable="false"
            role="presentation"
          >
            <use
              xlink:href="/icons.svg#ui--corner-arrow"
            />
          </svg>
        </li>
        <li
          class="ecl-breadcrumb-standardised__segment"
          data-ecl-breadcrumb-standardised-item="static"
        >
          <a
            class="ecl-link ecl-link--standalone ecl-breadcrumb-standardised__link"
            href="/example"
          >
            How the Commission is organised
          </a>
          <svg
            aria-hidden="true"
            class="ecl-icon ecl-icon--2xs ecl-icon--rotate-90 ecl-breadcrumb-standardised__icon"
            focusable="false"
            role="presentation"
          >
            <use
              xlink:href="/icons.svg#ui--corner-arrow"
            />
          </svg>
        </li>
        <li
          aria-current="page"
          class="ecl-breadcrumb-standardised__segment ecl-breadcrumb-standardised__current-page"
          data-ecl-breadcrumb-standardised-item="static"
        >
          News
        </li>
      </ol>
    </nav>
    <div
      class="ecl-page-header-standardised__meta"
    >
      Meta info
    </div>
    <h1
      class="ecl-page-header-standardised__title"
    >
      Page title
    </h1>
    <p
      class="ecl-page-header-standardised__description"
    >
      Sed ut perspiciatis unde omnis iste natus error sit voluptatem accusantium doloremque laudantium
    </p>
  </div>
</div>
`;

exports[`Page Header Standardised Meta-title-description renders correctly with extra attributes 1`] = `
<div
  class="ecl-page-header-standardised"
  data-test="data-test-value"
  data-test-1="data-test-value-1"
>
  <div
    class="ecl-container"
  >
    <nav
      aria-label="You are here:"
      class="ecl-breadcrumb-standardised ecl-page-header-standardised__breadcrumb"
      data-ecl-auto-init="BreadcrumbStandardised"
      data-ecl-breadcrumb-standardised="true"
    >
      <ol
        class="ecl-breadcrumb-standardised__container"
      >
        <li
          class="ecl-breadcrumb-standardised__segment"
          data-ecl-breadcrumb-standardised-item="static"
        >
          <a
            class="ecl-link ecl-link--standalone ecl-breadcrumb-standardised__link"
            href="/example"
          >
            Home
          </a>
          <svg
            aria-hidden="true"
            class="ecl-icon ecl-icon--2xs ecl-icon--rotate-90 ecl-breadcrumb-standardised__icon"
            focusable="false"
            role="presentation"
          >
            <use
              xlink:href="/icons.svg#ui--corner-arrow"
            />
          </svg>
        </li>
        <li
          class="ecl-breadcrumb-standardised__segment ecl-breadcrumb-standardised__segment--ellipsis"
          data-ecl-breadcrumb-standardised-ellipsis=""
        >
          <button
            aria-label="Click to expand"
            class="ecl-breadcrumb-standardised__ellipsis"
            data-ecl-breadcrumb-standardised-ellipsis-button=""
            type="button"
          >
            …
          </button>
          <svg
            aria-hidden="true"
            class="ecl-icon ecl-icon--2xs ecl-icon--rotate-90 ecl-breadcrumb-standardised__icon"
            focusable="false"
            role="presentation"
          >
            <use
              xlink:href="/icons.svg#ui--corner-arrow"
            />
          </svg>
        </li>
        <li
          class="ecl-breadcrumb-standardised__segment"
          data-ecl-breadcrumb-standardised-item="expandable"
        >
          <a
            class="ecl-link ecl-link--standalone ecl-breadcrumb-standardised__link"
            href="/example"
          >
            About the European Commission
          </a>
          <svg
            aria-hidden="true"
            class="ecl-icon ecl-icon--2xs ecl-icon--rotate-90 ecl-breadcrumb-standardised__icon"
            focusable="false"
            role="presentation"
          >
            <use
              xlink:href="/icons.svg#ui--corner-arrow"
            />
          </svg>
        </li>
        <li
          class="ecl-breadcrumb-standardised__segment"
          data-ecl-breadcrumb-standardised-item="expandable"
        >
          <a
            class="ecl-link ecl-link--standalone ecl-breadcrumb-standardised__link"
            href="/example"
          >
            Organisational structure
          </a>
          <svg
            aria-hidden="true"
            class="ecl-icon ecl-icon--2xs ecl-icon--rotate-90 ecl-breadcrumb-standardised__icon"
            focusable="false"
            role="presentation"
          >
            <use
              xlink:href="/icons.svg#ui--corner-arrow"
            />
          </svg>
        </li>
        <li
          class="ecl-breadcrumb-standardised__segment"
          data-ecl-breadcrumb-standardised-item="static"
        >
          <a
            class="ecl-link ecl-link--standalone ecl-breadcrumb-standardised__link"
            href="/example"
          >
            How the Commission is organised
          </a>
          <svg
            aria-hidden="true"
            class="ecl-icon ecl-icon--2xs ecl-icon--rotate-90 ecl-breadcrumb-standardised__icon"
            focusable="false"
            role="presentation"
          >
            <use
              xlink:href="/icons.svg#ui--corner-arrow"
            />
          </svg>
        </li>
        <li
          aria-current="page"
          class="ecl-breadcrumb-standardised__segment ecl-breadcrumb-standardised__current-page"
          data-ecl-breadcrumb-standardised-item="static"
        >
          News
        </li>
      </ol>
    </nav>
    <div
      class="ecl-page-header-standardised__meta"
    >
      Meta info
    </div>
    <h1
      class="ecl-page-header-standardised__title"
    >
      Page title
    </h1>
    <p
      class="ecl-page-header-standardised__description"
    >
      Sed ut perspiciatis unde omnis iste natus error sit voluptatem accusantium doloremque laudantium
    </p>
  </div>
</div>
`;

exports[`Page Header Standardised Meta-title-description renders correctly with extra class names 1`] = `
<div
  class="ecl-page-header-standardised custom-class custom-class--test"
>
  <div
    class="ecl-container"
  >
    <nav
      aria-label="You are here:"
      class="ecl-breadcrumb-standardised ecl-page-header-standardised__breadcrumb"
      data-ecl-auto-init="BreadcrumbStandardised"
      data-ecl-breadcrumb-standardised="true"
    >
      <ol
        class="ecl-breadcrumb-standardised__container"
      >
        <li
          class="ecl-breadcrumb-standardised__segment"
          data-ecl-breadcrumb-standardised-item="static"
        >
          <a
            class="ecl-link ecl-link--standalone ecl-breadcrumb-standardised__link"
            href="/example"
          >
            Home
          </a>
          <svg
            aria-hidden="true"
            class="ecl-icon ecl-icon--2xs ecl-icon--rotate-90 ecl-breadcrumb-standardised__icon"
            focusable="false"
            role="presentation"
          >
            <use
              xlink:href="/icons.svg#ui--corner-arrow"
            />
          </svg>
        </li>
        <li
          class="ecl-breadcrumb-standardised__segment ecl-breadcrumb-standardised__segment--ellipsis"
          data-ecl-breadcrumb-standardised-ellipsis=""
        >
          <button
            aria-label="Click to expand"
            class="ecl-breadcrumb-standardised__ellipsis"
            data-ecl-breadcrumb-standardised-ellipsis-button=""
            type="button"
          >
            …
          </button>
          <svg
            aria-hidden="true"
            class="ecl-icon ecl-icon--2xs ecl-icon--rotate-90 ecl-breadcrumb-standardised__icon"
            focusable="false"
            role="presentation"
          >
            <use
              xlink:href="/icons.svg#ui--corner-arrow"
            />
          </svg>
        </li>
        <li
          class="ecl-breadcrumb-standardised__segment"
          data-ecl-breadcrumb-standardised-item="expandable"
        >
          <a
            class="ecl-link ecl-link--standalone ecl-breadcrumb-standardised__link"
            href="/example"
          >
            About the European Commission
          </a>
          <svg
            aria-hidden="true"
            class="ecl-icon ecl-icon--2xs ecl-icon--rotate-90 ecl-breadcrumb-standardised__icon"
            focusable="false"
            role="presentation"
          >
            <use
              xlink:href="/icons.svg#ui--corner-arrow"
            />
          </svg>
        </li>
        <li
          class="ecl-breadcrumb-standardised__segment"
          data-ecl-breadcrumb-standardised-item="expandable"
        >
          <a
            class="ecl-link ecl-link--standalone ecl-breadcrumb-standardised__link"
            href="/example"
          >
            Organisational structure
          </a>
          <svg
            aria-hidden="true"
            class="ecl-icon ecl-icon--2xs ecl-icon--rotate-90 ecl-breadcrumb-standardised__icon"
            focusable="false"
            role="presentation"
          >
            <use
              xlink:href="/icons.svg#ui--corner-arrow"
            />
          </svg>
        </li>
        <li
          class="ecl-breadcrumb-standardised__segment"
          data-ecl-breadcrumb-standardised-item="static"
        >
          <a
            class="ecl-link ecl-link--standalone ecl-breadcrumb-standardised__link"
            href="/example"
          >
            How the Commission is organised
          </a>
          <svg
            aria-hidden="true"
            class="ecl-icon ecl-icon--2xs ecl-icon--rotate-90 ecl-breadcrumb-standardised__icon"
            focusable="false"
            role="presentation"
          >
            <use
              xlink:href="/icons.svg#ui--corner-arrow"
            />
          </svg>
        </li>
        <li
          aria-current="page"
          class="ecl-breadcrumb-standardised__segment ecl-breadcrumb-standardised__current-page"
          data-ecl-breadcrumb-standardised-item="static"
        >
          News
        </li>
      </ol>
    </nav>
    <div
      class="ecl-page-header-standardised__meta"
    >
      Meta info
    </div>
    <h1
      class="ecl-page-header-standardised__title"
    >
      Page title
    </h1>
    <p
      class="ecl-page-header-standardised__description"
    >
      Sed ut perspiciatis unde omnis iste natus error sit voluptatem accusantium doloremque laudantium
    </p>
  </div>
</div>
`;

exports[`Page Header Standardised Title - renders correctly 1`] = `
<div
  class="ecl-page-header-standardised"
>
  <div
    class="ecl-container"
  >
    <nav
      aria-label="You are here:"
      class="ecl-breadcrumb-standardised ecl-page-header-standardised__breadcrumb"
      data-ecl-auto-init="BreadcrumbStandardised"
      data-ecl-breadcrumb-standardised="true"
    >
      <ol
        class="ecl-breadcrumb-standardised__container"
      >
        <li
          class="ecl-breadcrumb-standardised__segment"
          data-ecl-breadcrumb-standardised-item="static"
        >
          <a
            class="ecl-link ecl-link--standalone ecl-breadcrumb-standardised__link"
            href="/example"
          >
            Home
          </a>
          <svg
            aria-hidden="true"
            class="ecl-icon ecl-icon--2xs ecl-icon--rotate-90 ecl-breadcrumb-standardised__icon"
            focusable="false"
            role="presentation"
          >
            <use
              xlink:href="/icons.svg#ui--corner-arrow"
            />
          </svg>
        </li>
        <li
          class="ecl-breadcrumb-standardised__segment ecl-breadcrumb-standardised__segment--ellipsis"
          data-ecl-breadcrumb-standardised-ellipsis=""
        >
          <button
            aria-label="Click to expand"
            class="ecl-breadcrumb-standardised__ellipsis"
            data-ecl-breadcrumb-standardised-ellipsis-button=""
            type="button"
          >
            …
          </button>
          <svg
            aria-hidden="true"
            class="ecl-icon ecl-icon--2xs ecl-icon--rotate-90 ecl-breadcrumb-standardised__icon"
            focusable="false"
            role="presentation"
          >
            <use
              xlink:href="/icons.svg#ui--corner-arrow"
            />
          </svg>
        </li>
        <li
          class="ecl-breadcrumb-standardised__segment"
          data-ecl-breadcrumb-standardised-item="expandable"
        >
          <a
            class="ecl-link ecl-link--standalone ecl-breadcrumb-standardised__link"
            href="/example"
          >
            About the European Commission
          </a>
          <svg
            aria-hidden="true"
            class="ecl-icon ecl-icon--2xs ecl-icon--rotate-90 ecl-breadcrumb-standardised__icon"
            focusable="false"
            role="presentation"
          >
            <use
              xlink:href="/icons.svg#ui--corner-arrow"
            />
          </svg>
        </li>
        <li
          class="ecl-breadcrumb-standardised__segment"
          data-ecl-breadcrumb-standardised-item="expandable"
        >
          <a
            class="ecl-link ecl-link--standalone ecl-breadcrumb-standardised__link"
            href="/example"
          >
            Organisational structure
          </a>
          <svg
            aria-hidden="true"
            class="ecl-icon ecl-icon--2xs ecl-icon--rotate-90 ecl-breadcrumb-standardised__icon"
            focusable="false"
            role="presentation"
          >
            <use
              xlink:href="/icons.svg#ui--corner-arrow"
            />
          </svg>
        </li>
        <li
          class="ecl-breadcrumb-standardised__segment"
          data-ecl-breadcrumb-standardised-item="static"
        >
          <a
            class="ecl-link ecl-link--standalone ecl-breadcrumb-standardised__link"
            href="/example"
          >
            How the Commission is organised
          </a>
          <svg
            aria-hidden="true"
            class="ecl-icon ecl-icon--2xs ecl-icon--rotate-90 ecl-breadcrumb-standardised__icon"
            focusable="false"
            role="presentation"
          >
            <use
              xlink:href="/icons.svg#ui--corner-arrow"
            />
          </svg>
        </li>
        <li
          aria-current="page"
          class="ecl-breadcrumb-standardised__segment ecl-breadcrumb-standardised__current-page"
          data-ecl-breadcrumb-standardised-item="static"
        >
          News
        </li>
      </ol>
    </nav>
    <h1
      class="ecl-page-header-standardised__title"
    >
      Page title
    </h1>
  </div>
</div>
`;

exports[`Page Header Standardised Title renders correctly with extra attributes 1`] = `
<div
  class="ecl-page-header-standardised"
  data-test="data-test-value"
  data-test-1="data-test-value-1"
>
  <div
    class="ecl-container"
  >
    <nav
      aria-label="You are here:"
      class="ecl-breadcrumb-standardised ecl-page-header-standardised__breadcrumb"
      data-ecl-auto-init="BreadcrumbStandardised"
      data-ecl-breadcrumb-standardised="true"
    >
      <ol
        class="ecl-breadcrumb-standardised__container"
      >
        <li
          class="ecl-breadcrumb-standardised__segment"
          data-ecl-breadcrumb-standardised-item="static"
        >
          <a
            class="ecl-link ecl-link--standalone ecl-breadcrumb-standardised__link"
            href="/example"
          >
            Home
          </a>
          <svg
            aria-hidden="true"
            class="ecl-icon ecl-icon--2xs ecl-icon--rotate-90 ecl-breadcrumb-standardised__icon"
            focusable="false"
            role="presentation"
          >
            <use
              xlink:href="/icons.svg#ui--corner-arrow"
            />
          </svg>
        </li>
        <li
          class="ecl-breadcrumb-standardised__segment ecl-breadcrumb-standardised__segment--ellipsis"
          data-ecl-breadcrumb-standardised-ellipsis=""
        >
          <button
            aria-label="Click to expand"
            class="ecl-breadcrumb-standardised__ellipsis"
            data-ecl-breadcrumb-standardised-ellipsis-button=""
            type="button"
          >
            …
          </button>
          <svg
            aria-hidden="true"
            class="ecl-icon ecl-icon--2xs ecl-icon--rotate-90 ecl-breadcrumb-standardised__icon"
            focusable="false"
            role="presentation"
          >
            <use
              xlink:href="/icons.svg#ui--corner-arrow"
            />
          </svg>
        </li>
        <li
          class="ecl-breadcrumb-standardised__segment"
          data-ecl-breadcrumb-standardised-item="expandable"
        >
          <a
            class="ecl-link ecl-link--standalone ecl-breadcrumb-standardised__link"
            href="/example"
          >
            About the European Commission
          </a>
          <svg
            aria-hidden="true"
            class="ecl-icon ecl-icon--2xs ecl-icon--rotate-90 ecl-breadcrumb-standardised__icon"
            focusable="false"
            role="presentation"
          >
            <use
              xlink:href="/icons.svg#ui--corner-arrow"
            />
          </svg>
        </li>
        <li
          class="ecl-breadcrumb-standardised__segment"
          data-ecl-breadcrumb-standardised-item="expandable"
        >
          <a
            class="ecl-link ecl-link--standalone ecl-breadcrumb-standardised__link"
            href="/example"
          >
            Organisational structure
          </a>
          <svg
            aria-hidden="true"
            class="ecl-icon ecl-icon--2xs ecl-icon--rotate-90 ecl-breadcrumb-standardised__icon"
            focusable="false"
            role="presentation"
          >
            <use
              xlink:href="/icons.svg#ui--corner-arrow"
            />
          </svg>
        </li>
        <li
          class="ecl-breadcrumb-standardised__segment"
          data-ecl-breadcrumb-standardised-item="static"
        >
          <a
            class="ecl-link ecl-link--standalone ecl-breadcrumb-standardised__link"
            href="/example"
          >
            How the Commission is organised
          </a>
          <svg
            aria-hidden="true"
            class="ecl-icon ecl-icon--2xs ecl-icon--rotate-90 ecl-breadcrumb-standardised__icon"
            focusable="false"
            role="presentation"
          >
            <use
              xlink:href="/icons.svg#ui--corner-arrow"
            />
          </svg>
        </li>
        <li
          aria-current="page"
          class="ecl-breadcrumb-standardised__segment ecl-breadcrumb-standardised__current-page"
          data-ecl-breadcrumb-standardised-item="static"
        >
          News
        </li>
      </ol>
    </nav>
    <h1
      class="ecl-page-header-standardised__title"
    >
      Page title
    </h1>
  </div>
</div>
`;

exports[`Page Header Standardised Title renders correctly with extra class names 1`] = `
<div
  class="ecl-page-header-standardised custom-class custom-class--test"
>
  <div
    class="ecl-container"
  >
    <nav
      aria-label="You are here:"
      class="ecl-breadcrumb-standardised ecl-page-header-standardised__breadcrumb"
      data-ecl-auto-init="BreadcrumbStandardised"
      data-ecl-breadcrumb-standardised="true"
    >
      <ol
        class="ecl-breadcrumb-standardised__container"
      >
        <li
          class="ecl-breadcrumb-standardised__segment"
          data-ecl-breadcrumb-standardised-item="static"
        >
          <a
            class="ecl-link ecl-link--standalone ecl-breadcrumb-standardised__link"
            href="/example"
          >
            Home
          </a>
          <svg
            aria-hidden="true"
            class="ecl-icon ecl-icon--2xs ecl-icon--rotate-90 ecl-breadcrumb-standardised__icon"
            focusable="false"
            role="presentation"
          >
            <use
              xlink:href="/icons.svg#ui--corner-arrow"
            />
          </svg>
        </li>
        <li
          class="ecl-breadcrumb-standardised__segment ecl-breadcrumb-standardised__segment--ellipsis"
          data-ecl-breadcrumb-standardised-ellipsis=""
        >
          <button
            aria-label="Click to expand"
            class="ecl-breadcrumb-standardised__ellipsis"
            data-ecl-breadcrumb-standardised-ellipsis-button=""
            type="button"
          >
            …
          </button>
          <svg
            aria-hidden="true"
            class="ecl-icon ecl-icon--2xs ecl-icon--rotate-90 ecl-breadcrumb-standardised__icon"
            focusable="false"
            role="presentation"
          >
            <use
              xlink:href="/icons.svg#ui--corner-arrow"
            />
          </svg>
        </li>
        <li
          class="ecl-breadcrumb-standardised__segment"
          data-ecl-breadcrumb-standardised-item="expandable"
        >
          <a
            class="ecl-link ecl-link--standalone ecl-breadcrumb-standardised__link"
            href="/example"
          >
            About the European Commission
          </a>
          <svg
            aria-hidden="true"
            class="ecl-icon ecl-icon--2xs ecl-icon--rotate-90 ecl-breadcrumb-standardised__icon"
            focusable="false"
            role="presentation"
          >
            <use
              xlink:href="/icons.svg#ui--corner-arrow"
            />
          </svg>
        </li>
        <li
          class="ecl-breadcrumb-standardised__segment"
          data-ecl-breadcrumb-standardised-item="expandable"
        >
          <a
            class="ecl-link ecl-link--standalone ecl-breadcrumb-standardised__link"
            href="/example"
          >
            Organisational structure
          </a>
          <svg
            aria-hidden="true"
            class="ecl-icon ecl-icon--2xs ecl-icon--rotate-90 ecl-breadcrumb-standardised__icon"
            focusable="false"
            role="presentation"
          >
            <use
              xlink:href="/icons.svg#ui--corner-arrow"
            />
          </svg>
        </li>
        <li
          class="ecl-breadcrumb-standardised__segment"
          data-ecl-breadcrumb-standardised-item="static"
        >
          <a
            class="ecl-link ecl-link--standalone ecl-breadcrumb-standardised__link"
            href="/example"
          >
            How the Commission is organised
          </a>
          <svg
            aria-hidden="true"
            class="ecl-icon ecl-icon--2xs ecl-icon--rotate-90 ecl-breadcrumb-standardised__icon"
            focusable="false"
            role="presentation"
          >
            <use
              xlink:href="/icons.svg#ui--corner-arrow"
            />
          </svg>
        </li>
        <li
          aria-current="page"
          class="ecl-breadcrumb-standardised__segment ecl-breadcrumb-standardised__current-page"
          data-ecl-breadcrumb-standardised-item="static"
        >
          News
        </li>
      </ol>
    </nav>
    <h1
      class="ecl-page-header-standardised__title"
    >
      Page title
    </h1>
  </div>
</div>
`;
