// Jest Snapshot v1, https://goo.gl/fbAQLP

exports[`Social Media Follow Default renders correctly with extra attributes 1`] = `
<jest>
  <div
    class="ecl-social-media-follow"
    data-test="data-test-value"
    data-test-1="data-test-value-1"
  >
    <p
      class="ecl-social-media-follow__description"
    >
      Follow the latest progress and learn more about getting involved.
    </p>
    <ul
      class="ecl-social-media-follow__list"
    >
      <li
        class="ecl-social-media-follow__item"
      >
        <a
          class="ecl-link ecl-link--standalone ecl-link--icon ecl-link--icon-before ecl-social-media-follow__link"
          href="/example"
        >
          <svg
            aria-hidden="true"
            class="ecl-icon ecl-icon--xl ecl-link__icon ecl-social-media-follow__icon"
            focusable="false"
          >
            <use
              xlink:href="/icon-social.svg#twitter"
            />
          </svg>
          <svg
            aria-hidden="true"
            class="ecl-icon ecl-icon--xl ecl-link__icon ecl-social-media-follow__icon-hover"
            focusable="false"
          >
            <use
              xlink:href="/icon-social.svg#twitter_hover"
            />
          </svg>
          <span
            class="ecl-link__label"
          >
            Twitter
          </span>
        </a>
      </li>
      <li
        class="ecl-social-media-follow__item"
      >
        <a
          class="ecl-link ecl-link--standalone ecl-link--icon ecl-link--icon-before ecl-social-media-follow__link"
          href="/example"
        >
          <svg
            aria-hidden="true"
            class="ecl-icon ecl-icon--xl ecl-link__icon ecl-social-media-follow__icon"
            focusable="false"
          >
            <use
              xlink:href="/icon-social.svg#facebook"
            />
          </svg>
          <svg
            aria-hidden="true"
            class="ecl-icon ecl-icon--xl ecl-link__icon ecl-social-media-follow__icon-hover"
            focusable="false"
          >
            <use
              xlink:href="/icon-social.svg#facebook_hover"
            />
          </svg>
          <span
            class="ecl-link__label"
          >
            Facebook
          </span>
        </a>
      </li>
      <li
        class="ecl-social-media-follow__item"
      >
        <a
          class="ecl-link ecl-link--standalone ecl-link--icon ecl-link--icon-before ecl-social-media-follow__link"
          href="/example"
        >
          <svg
            aria-hidden="true"
            class="ecl-icon ecl-icon--xl ecl-link__icon ecl-social-media-follow__icon"
            focusable="false"
          >
            <use
              xlink:href="/icon-social.svg#instagram"
            />
          </svg>
          <svg
            aria-hidden="true"
            class="ecl-icon ecl-icon--xl ecl-link__icon ecl-social-media-follow__icon-hover"
            focusable="false"
          >
            <use
              xlink:href="/icon-social.svg#instagram_hover"
            />
          </svg>
          <span
            class="ecl-link__label"
          >
            Instagram
          </span>
        </a>
      </li>
      <li
        class="ecl-social-media-follow__item"
      >
        <a
          class="ecl-link ecl-link--standalone ecl-link--icon ecl-link--icon-before ecl-social-media-follow__link"
          href="/example"
        >
          <svg
            aria-hidden="true"
            class="ecl-icon ecl-icon--xl ecl-link__icon ecl-social-media-follow__icon"
            focusable="false"
          >
            <use
              xlink:href="/icon-social.svg#linkedin"
            />
          </svg>
          <svg
            aria-hidden="true"
            class="ecl-icon ecl-icon--xl ecl-link__icon ecl-social-media-follow__icon-hover"
            focusable="false"
          >
            <use
              xlink:href="/icon-social.svg#linkedin_hover"
            />
          </svg>
          <span
            class="ecl-link__label"
          >
            Linkedin
          </span>
        </a>
      </li>
      <li
        class="ecl-social-media-follow__item"
      >
        <a
          class="ecl-link ecl-link--standalone ecl-link--icon ecl-link--icon-before ecl-social-media-follow__link"
          href="/example"
        >
          <svg
            aria-hidden="true"
            class="ecl-icon ecl-icon--xl ecl-link__icon ecl-social-media-follow__icon"
            focusable="false"
          >
            <use
              xlink:href="/icon-social.svg#mastodon"
            />
          </svg>
          <svg
            aria-hidden="true"
            class="ecl-icon ecl-icon--xl ecl-link__icon ecl-social-media-follow__icon-hover"
            focusable="false"
          >
            <use
              xlink:href="/icon-social.svg#mastodon_hover"
            />
          </svg>
          <span
            class="ecl-link__label"
          >
            Mastodon
          </span>
        </a>
      </li>
      <li
        class="ecl-social-media-follow__item"
      >
        <a
          class="ecl-link ecl-link--standalone ecl-link--icon ecl-link--icon-before ecl-social-media-follow__link"
          href="/example"
        >
          <svg
            aria-hidden="true"
            class="ecl-icon ecl-icon--xl ecl-link__icon ecl-social-media-follow__icon"
            focusable="false"
          >
            <use
              xlink:href="/icon-social.svg#telegram"
            />
          </svg>
          <svg
            aria-hidden="true"
            class="ecl-icon ecl-icon--xl ecl-link__icon ecl-social-media-follow__icon-hover"
            focusable="false"
          >
            <use
              xlink:href="/icon-social.svg#telegram_hover"
            />
          </svg>
          <span
            class="ecl-link__label"
          >
            Telegram
          </span>
        </a>
      </li>
      <li
        class="ecl-social-media-follow__item"
      >
        <a
          class="ecl-link ecl-link--standalone ecl-link--icon ecl-link--icon-before ecl-social-media-follow__link"
          href="/example"
        >
          <svg
            aria-hidden="true"
            class="ecl-icon ecl-icon--xl ecl-link__icon ecl-social-media-follow__icon"
            focusable="false"
          >
            <use
              xlink:href="/icon-social.svg#telegram2"
            />
          </svg>
          <svg
            aria-hidden="true"
            class="ecl-icon ecl-icon--xl ecl-link__icon ecl-social-media-follow__icon-hover"
            focusable="false"
          >
            <use
              xlink:href="/icon-social.svg#telegram2_hover"
            />
          </svg>
          <span
            class="ecl-link__label"
          >
            Telegram2
          </span>
        </a>
      </li>
      <li
        class="ecl-social-media-follow__item"
      >
        <a
          class="ecl-link ecl-link--standalone ecl-social-media-follow__link"
          href="/example"
        >
          Other social networks
        </a>
      </li>
    </ul>
  </div>
</jest>
`;

exports[`Social Media Follow Default renders correctly with extra class names 1`] = `
<jest>
  <div
    class="ecl-social-media-follow custom-class custom-class--test"
  >
    <p
      class="ecl-social-media-follow__description"
    >
      Follow the latest progress and learn more about getting involved.
    </p>
    <ul
      class="ecl-social-media-follow__list"
    >
      <li
        class="ecl-social-media-follow__item"
      >
        <a
          class="ecl-link ecl-link--standalone ecl-link--icon ecl-link--icon-before ecl-social-media-follow__link"
          href="/example"
        >
          <svg
            aria-hidden="true"
            class="ecl-icon ecl-icon--xl ecl-link__icon ecl-social-media-follow__icon"
            focusable="false"
          >
            <use
              xlink:href="/icon-social.svg#twitter"
            />
          </svg>
          <svg
            aria-hidden="true"
            class="ecl-icon ecl-icon--xl ecl-link__icon ecl-social-media-follow__icon-hover"
            focusable="false"
          >
            <use
              xlink:href="/icon-social.svg#twitter_hover"
            />
          </svg>
          <span
            class="ecl-link__label"
          >
            Twitter
          </span>
        </a>
      </li>
      <li
        class="ecl-social-media-follow__item"
      >
        <a
          class="ecl-link ecl-link--standalone ecl-link--icon ecl-link--icon-before ecl-social-media-follow__link"
          href="/example"
        >
          <svg
            aria-hidden="true"
            class="ecl-icon ecl-icon--xl ecl-link__icon ecl-social-media-follow__icon"
            focusable="false"
          >
            <use
              xlink:href="/icon-social.svg#facebook"
            />
          </svg>
          <svg
            aria-hidden="true"
            class="ecl-icon ecl-icon--xl ecl-link__icon ecl-social-media-follow__icon-hover"
            focusable="false"
          >
            <use
              xlink:href="/icon-social.svg#facebook_hover"
            />
          </svg>
          <span
            class="ecl-link__label"
          >
            Facebook
          </span>
        </a>
      </li>
      <li
        class="ecl-social-media-follow__item"
      >
        <a
          class="ecl-link ecl-link--standalone ecl-link--icon ecl-link--icon-before ecl-social-media-follow__link"
          href="/example"
        >
          <svg
            aria-hidden="true"
            class="ecl-icon ecl-icon--xl ecl-link__icon ecl-social-media-follow__icon"
            focusable="false"
          >
            <use
              xlink:href="/icon-social.svg#instagram"
            />
          </svg>
          <svg
            aria-hidden="true"
            class="ecl-icon ecl-icon--xl ecl-link__icon ecl-social-media-follow__icon-hover"
            focusable="false"
          >
            <use
              xlink:href="/icon-social.svg#instagram_hover"
            />
          </svg>
          <span
            class="ecl-link__label"
          >
            Instagram
          </span>
        </a>
      </li>
      <li
        class="ecl-social-media-follow__item"
      >
        <a
          class="ecl-link ecl-link--standalone ecl-link--icon ecl-link--icon-before ecl-social-media-follow__link"
          href="/example"
        >
          <svg
            aria-hidden="true"
            class="ecl-icon ecl-icon--xl ecl-link__icon ecl-social-media-follow__icon"
            focusable="false"
          >
            <use
              xlink:href="/icon-social.svg#linkedin"
            />
          </svg>
          <svg
            aria-hidden="true"
            class="ecl-icon ecl-icon--xl ecl-link__icon ecl-social-media-follow__icon-hover"
            focusable="false"
          >
            <use
              xlink:href="/icon-social.svg#linkedin_hover"
            />
          </svg>
          <span
            class="ecl-link__label"
          >
            Linkedin
          </span>
        </a>
      </li>
      <li
        class="ecl-social-media-follow__item"
      >
        <a
          class="ecl-link ecl-link--standalone ecl-link--icon ecl-link--icon-before ecl-social-media-follow__link"
          href="/example"
        >
          <svg
            aria-hidden="true"
            class="ecl-icon ecl-icon--xl ecl-link__icon ecl-social-media-follow__icon"
            focusable="false"
          >
            <use
              xlink:href="/icon-social.svg#mastodon"
            />
          </svg>
          <svg
            aria-hidden="true"
            class="ecl-icon ecl-icon--xl ecl-link__icon ecl-social-media-follow__icon-hover"
            focusable="false"
          >
            <use
              xlink:href="/icon-social.svg#mastodon_hover"
            />
          </svg>
          <span
            class="ecl-link__label"
          >
            Mastodon
          </span>
        </a>
      </li>
      <li
        class="ecl-social-media-follow__item"
      >
        <a
          class="ecl-link ecl-link--standalone ecl-link--icon ecl-link--icon-before ecl-social-media-follow__link"
          href="/example"
        >
          <svg
            aria-hidden="true"
            class="ecl-icon ecl-icon--xl ecl-link__icon ecl-social-media-follow__icon"
            focusable="false"
          >
            <use
              xlink:href="/icon-social.svg#telegram"
            />
          </svg>
          <svg
            aria-hidden="true"
            class="ecl-icon ecl-icon--xl ecl-link__icon ecl-social-media-follow__icon-hover"
            focusable="false"
          >
            <use
              xlink:href="/icon-social.svg#telegram_hover"
            />
          </svg>
          <span
            class="ecl-link__label"
          >
            Telegram
          </span>
        </a>
      </li>
      <li
        class="ecl-social-media-follow__item"
      >
        <a
          class="ecl-link ecl-link--standalone ecl-link--icon ecl-link--icon-before ecl-social-media-follow__link"
          href="/example"
        >
          <svg
            aria-hidden="true"
            class="ecl-icon ecl-icon--xl ecl-link__icon ecl-social-media-follow__icon"
            focusable="false"
          >
            <use
              xlink:href="/icon-social.svg#telegram2"
            />
          </svg>
          <svg
            aria-hidden="true"
            class="ecl-icon ecl-icon--xl ecl-link__icon ecl-social-media-follow__icon-hover"
            focusable="false"
          >
            <use
              xlink:href="/icon-social.svg#telegram2_hover"
            />
          </svg>
          <span
            class="ecl-link__label"
          >
            Telegram2
          </span>
        </a>
      </li>
      <li
        class="ecl-social-media-follow__item"
      >
        <a
          class="ecl-link ecl-link--standalone ecl-social-media-follow__link"
          href="/example"
        >
          Other social networks
        </a>
      </li>
    </ul>
  </div>
</jest>
`;

exports[`Social Media Follow Horizontal renders correctly 1`] = `
<jest>
  <div
    class="ecl-social-media-follow"
  >
    <p
      class="ecl-social-media-follow__description"
    >
      Follow the latest progress and learn more about getting involved.
    </p>
    <ul
      class="ecl-social-media-follow__list"
    >
      <li
        class="ecl-social-media-follow__item"
      >
        <a
          class="ecl-link ecl-link--standalone ecl-link--icon ecl-link--icon-before ecl-social-media-follow__link"
          href="/example"
        >
          <svg
            aria-hidden="true"
            class="ecl-icon ecl-icon--xl ecl-link__icon ecl-social-media-follow__icon"
            focusable="false"
          >
            <use
              xlink:href="/icon-social.svg#twitter"
            />
          </svg>
          <svg
            aria-hidden="true"
            class="ecl-icon ecl-icon--xl ecl-link__icon ecl-social-media-follow__icon-hover"
            focusable="false"
          >
            <use
              xlink:href="/icon-social.svg#twitter_hover"
            />
          </svg>
          <span
            class="ecl-link__label"
          >
            Twitter
          </span>
        </a>
      </li>
      <li
        class="ecl-social-media-follow__item"
      >
        <a
          class="ecl-link ecl-link--standalone ecl-link--icon ecl-link--icon-before ecl-social-media-follow__link"
          href="/example"
        >
          <svg
            aria-hidden="true"
            class="ecl-icon ecl-icon--xl ecl-link__icon ecl-social-media-follow__icon"
            focusable="false"
          >
            <use
              xlink:href="/icon-social.svg#facebook"
            />
          </svg>
          <svg
            aria-hidden="true"
            class="ecl-icon ecl-icon--xl ecl-link__icon ecl-social-media-follow__icon-hover"
            focusable="false"
          >
            <use
              xlink:href="/icon-social.svg#facebook_hover"
            />
          </svg>
          <span
            class="ecl-link__label"
          >
            Facebook
          </span>
        </a>
      </li>
      <li
        class="ecl-social-media-follow__item"
      >
        <a
          class="ecl-link ecl-link--standalone ecl-link--icon ecl-link--icon-before ecl-social-media-follow__link"
          href="/example"
        >
          <svg
            aria-hidden="true"
            class="ecl-icon ecl-icon--xl ecl-link__icon ecl-social-media-follow__icon"
            focusable="false"
          >
            <use
              xlink:href="/icon-social.svg#instagram"
            />
          </svg>
          <svg
            aria-hidden="true"
            class="ecl-icon ecl-icon--xl ecl-link__icon ecl-social-media-follow__icon-hover"
            focusable="false"
          >
            <use
              xlink:href="/icon-social.svg#instagram_hover"
            />
          </svg>
          <span
            class="ecl-link__label"
          >
            Instagram
          </span>
        </a>
      </li>
      <li
        class="ecl-social-media-follow__item"
      >
        <a
          class="ecl-link ecl-link--standalone ecl-link--icon ecl-link--icon-before ecl-social-media-follow__link"
          href="/example"
        >
          <svg
            aria-hidden="true"
            class="ecl-icon ecl-icon--xl ecl-link__icon ecl-social-media-follow__icon"
            focusable="false"
          >
            <use
              xlink:href="/icon-social.svg#linkedin"
            />
          </svg>
          <svg
            aria-hidden="true"
            class="ecl-icon ecl-icon--xl ecl-link__icon ecl-social-media-follow__icon-hover"
            focusable="false"
          >
            <use
              xlink:href="/icon-social.svg#linkedin_hover"
            />
          </svg>
          <span
            class="ecl-link__label"
          >
            Linkedin
          </span>
        </a>
      </li>
      <li
        class="ecl-social-media-follow__item"
      >
        <a
          class="ecl-link ecl-link--standalone ecl-link--icon ecl-link--icon-before ecl-social-media-follow__link"
          href="/example"
        >
          <svg
            aria-hidden="true"
            class="ecl-icon ecl-icon--xl ecl-link__icon ecl-social-media-follow__icon"
            focusable="false"
          >
            <use
              xlink:href="/icon-social.svg#mastodon"
            />
          </svg>
          <svg
            aria-hidden="true"
            class="ecl-icon ecl-icon--xl ecl-link__icon ecl-social-media-follow__icon-hover"
            focusable="false"
          >
            <use
              xlink:href="/icon-social.svg#mastodon_hover"
            />
          </svg>
          <span
            class="ecl-link__label"
          >
            Mastodon
          </span>
        </a>
      </li>
      <li
        class="ecl-social-media-follow__item"
      >
        <a
          class="ecl-link ecl-link--standalone ecl-link--icon ecl-link--icon-before ecl-social-media-follow__link"
          href="/example"
        >
          <svg
            aria-hidden="true"
            class="ecl-icon ecl-icon--xl ecl-link__icon ecl-social-media-follow__icon"
            focusable="false"
          >
            <use
              xlink:href="/icon-social.svg#telegram"
            />
          </svg>
          <svg
            aria-hidden="true"
            class="ecl-icon ecl-icon--xl ecl-link__icon ecl-social-media-follow__icon-hover"
            focusable="false"
          >
            <use
              xlink:href="/icon-social.svg#telegram_hover"
            />
          </svg>
          <span
            class="ecl-link__label"
          >
            Telegram
          </span>
        </a>
      </li>
      <li
        class="ecl-social-media-follow__item"
      >
        <a
          class="ecl-link ecl-link--standalone ecl-link--icon ecl-link--icon-before ecl-social-media-follow__link"
          href="/example"
        >
          <svg
            aria-hidden="true"
            class="ecl-icon ecl-icon--xl ecl-link__icon ecl-social-media-follow__icon"
            focusable="false"
          >
            <use
              xlink:href="/icon-social.svg#telegram2"
            />
          </svg>
          <svg
            aria-hidden="true"
            class="ecl-icon ecl-icon--xl ecl-link__icon ecl-social-media-follow__icon-hover"
            focusable="false"
          >
            <use
              xlink:href="/icon-social.svg#telegram2_hover"
            />
          </svg>
          <span
            class="ecl-link__label"
          >
            Telegram2
          </span>
        </a>
      </li>
      <li
        class="ecl-social-media-follow__item"
      >
        <a
          class="ecl-link ecl-link--standalone ecl-social-media-follow__link"
          href="/example"
        >
          Other social networks
        </a>
      </li>
    </ul>
  </div>
</jest>
`;

exports[`Social Media Follow Vertical renders correctly 1`] = `
<jest>
  <div
    class="ecl-social-media-follow ecl-social-media-follow--vertical"
  >
    <p
      class="ecl-social-media-follow__description"
    >
      Follow the latest progress and learn more about getting involved.
    </p>
    <ul
      class="ecl-social-media-follow__list"
    >
      <li
        class="ecl-social-media-follow__item"
      >
        <a
          class="ecl-link ecl-link--standalone ecl-link--icon ecl-link--icon-before ecl-social-media-follow__link"
          href="/example"
        >
          <svg
            aria-hidden="true"
            class="ecl-icon ecl-icon--xl ecl-link__icon ecl-social-media-follow__icon"
            focusable="false"
          >
            <use
              xlink:href="/icon-social.svg#twitter"
            />
          </svg>
          <svg
            aria-hidden="true"
            class="ecl-icon ecl-icon--xl ecl-link__icon ecl-social-media-follow__icon-hover"
            focusable="false"
          >
            <use
              xlink:href="/icon-social.svg#twitter_hover"
            />
          </svg>
          <span
            class="ecl-link__label"
          >
            Twitter
          </span>
        </a>
      </li>
      <li
        class="ecl-social-media-follow__item"
      >
        <a
          class="ecl-link ecl-link--standalone ecl-link--icon ecl-link--icon-before ecl-social-media-follow__link"
          href="/example"
        >
          <svg
            aria-hidden="true"
            class="ecl-icon ecl-icon--xl ecl-link__icon ecl-social-media-follow__icon"
            focusable="false"
          >
            <use
              xlink:href="/icon-social.svg#facebook"
            />
          </svg>
          <svg
            aria-hidden="true"
            class="ecl-icon ecl-icon--xl ecl-link__icon ecl-social-media-follow__icon-hover"
            focusable="false"
          >
            <use
              xlink:href="/icon-social.svg#facebook_hover"
            />
          </svg>
          <span
            class="ecl-link__label"
          >
            Facebook
          </span>
        </a>
      </li>
      <li
        class="ecl-social-media-follow__item"
      >
        <a
          class="ecl-link ecl-link--standalone ecl-link--icon ecl-link--icon-before ecl-social-media-follow__link"
          href="/example"
        >
          <svg
            aria-hidden="true"
            class="ecl-icon ecl-icon--xl ecl-link__icon ecl-social-media-follow__icon"
            focusable="false"
          >
            <use
              xlink:href="/icon-social.svg#instagram"
            />
          </svg>
          <svg
            aria-hidden="true"
            class="ecl-icon ecl-icon--xl ecl-link__icon ecl-social-media-follow__icon-hover"
            focusable="false"
          >
            <use
              xlink:href="/icon-social.svg#instagram_hover"
            />
          </svg>
          <span
            class="ecl-link__label"
          >
            Instagram
          </span>
        </a>
      </li>
      <li
        class="ecl-social-media-follow__item"
      >
        <a
          class="ecl-link ecl-link--standalone ecl-link--icon ecl-link--icon-before ecl-social-media-follow__link"
          href="/example"
        >
          <svg
            aria-hidden="true"
            class="ecl-icon ecl-icon--xl ecl-link__icon ecl-social-media-follow__icon"
            focusable="false"
          >
            <use
              xlink:href="/icon-social.svg#linkedin"
            />
          </svg>
          <svg
            aria-hidden="true"
            class="ecl-icon ecl-icon--xl ecl-link__icon ecl-social-media-follow__icon-hover"
            focusable="false"
          >
            <use
              xlink:href="/icon-social.svg#linkedin_hover"
            />
          </svg>
          <span
            class="ecl-link__label"
          >
            Linkedin
          </span>
        </a>
      </li>
      <li
        class="ecl-social-media-follow__item"
      >
        <a
          class="ecl-link ecl-link--standalone ecl-link--icon ecl-link--icon-before ecl-social-media-follow__link"
          href="/example"
        >
          <svg
            aria-hidden="true"
            class="ecl-icon ecl-icon--xl ecl-link__icon ecl-social-media-follow__icon"
            focusable="false"
          >
            <use
              xlink:href="/icon-social.svg#mastodon"
            />
          </svg>
          <svg
            aria-hidden="true"
            class="ecl-icon ecl-icon--xl ecl-link__icon ecl-social-media-follow__icon-hover"
            focusable="false"
          >
            <use
              xlink:href="/icon-social.svg#mastodon_hover"
            />
          </svg>
          <span
            class="ecl-link__label"
          >
            Mastodon
          </span>
        </a>
      </li>
      <li
        class="ecl-social-media-follow__item"
      >
        <a
          class="ecl-link ecl-link--standalone ecl-link--icon ecl-link--icon-before ecl-social-media-follow__link"
          href="/example"
        >
          <svg
            aria-hidden="true"
            class="ecl-icon ecl-icon--xl ecl-link__icon ecl-social-media-follow__icon"
            focusable="false"
          >
            <use
              xlink:href="/icon-social.svg#telegram"
            />
          </svg>
          <svg
            aria-hidden="true"
            class="ecl-icon ecl-icon--xl ecl-link__icon ecl-social-media-follow__icon-hover"
            focusable="false"
          >
            <use
              xlink:href="/icon-social.svg#telegram_hover"
            />
          </svg>
          <span
            class="ecl-link__label"
          >
            Telegram
          </span>
        </a>
      </li>
      <li
        class="ecl-social-media-follow__item"
      >
        <a
          class="ecl-link ecl-link--standalone ecl-link--icon ecl-link--icon-before ecl-social-media-follow__link"
          href="/example"
        >
          <svg
            aria-hidden="true"
            class="ecl-icon ecl-icon--xl ecl-link__icon ecl-social-media-follow__icon"
            focusable="false"
          >
            <use
              xlink:href="/icon-social.svg#telegram2"
            />
          </svg>
          <svg
            aria-hidden="true"
            class="ecl-icon ecl-icon--xl ecl-link__icon ecl-social-media-follow__icon-hover"
            focusable="false"
          >
            <use
              xlink:href="/icon-social.svg#telegram2_hover"
            />
          </svg>
          <span
            class="ecl-link__label"
          >
            Telegram2
          </span>
        </a>
      </li>
      <li
        class="ecl-social-media-follow__item"
      >
        <a
          class="ecl-link ecl-link--standalone ecl-social-media-follow__link"
          href="/example"
        >
          Other social networks
        </a>
      </li>
    </ul>
  </div>
</jest>
`;
